// Jest Snapshot v1, https://goo.gl/fbAQLP

exports[`parenthesis.ts 1`] = `
<DocumentHighlightKind>(a ? b : c);
<any>(() => {});

<x>a || {};
<x>a && [];
true || <x>a;
<x>a + <x>b;
~~~~~~~~~~~~~~~~~~~~~~~~~~~~~~~~~~~~~~~~~~~~~~~~~~~~~~~~~~~~~~~~~~~~~~~~~~~~~~~~
<DocumentHighlightKind>(a ? b : c);
<any>(() => {});

<x>a || {};
<x>a && [];
true || <x>a;
<x>a + <x>b;

`;
